// Jest Snapshot v1, https://goo.gl/fbAQLP

exports[`#getFiles should log matching snapshot 1`] = `
" VERBOSE  Include globs: []
 VERBOSE  Exclude globs: [
    \\"**/a/**\\",
    \\"a\\",
    \\"**/c/**\\",
    \\"c\\"
]
 VERBOSE  Discovered paths: [
    \\"a\\",
    \\"b\\",
    \\"c\\",
    \\"d\\"
]"
`;
